==> phoenix
Compiling 71 files (.ex)
     warning: comparison between distinct types found:

         merge_all != []

     given types:

         dynamic(non_empty_list(term(), term())) != empty_list()

     where "merge_all" was given the type:

         # type: dynamic(non_empty_list(term(), term()))
         # from: lib/phoenix/router/route.ex:121:15
         merge_all = merge_params ++ merge_private ++ merge_assigns

     While Elixir can compare across all types, you are comparing across types which are always disjoint, and the result is either always true or always false

     typing violation found at:
     │
 123 │     if merge_all != [] do
     │                  ~
     │
     └─ lib/phoenix/router/route.ex:123:18: Phoenix.Router.Route.build_prepare/1

    warning: a struct for Plug.Conn is expected on struct update:

        %Plug.Conn{conn | state: :sent}

    but got type:

        dynamic()

    where "conn" was given the type:

        # type: dynamic()
        # from: lib/phoenix/endpoint/render_errors.ex:55:17
        conn

    when defining the variable "conn", you must also pattern match on "%Plug.Conn{}".

    hint: given pattern matching is enough to catch typing errors, you may optionally convert the struct update into a map update. For example, instead of:

        user = some_function()
        %User{user | name: "John Doe"}

    it is enough to write:

        %User{} = user = some_function()
        %{user | name: "John Doe"}

    typing violation found at:
    │
 60 │           %Plug.Conn{conn | state: :sent}
    │           ~
    │
    └─ lib/phoenix/endpoint/render_errors.ex:60:11: Phoenix.Endpoint.RenderErrors.__catch__/5

     warning: a struct for Plug.Conn is expected on struct update:

         %Plug.Conn{conn | query_params: %{}, params: %{}}

     but got type:

         dynamic()

     where "conn" was given the type:

         # type: dynamic()
         # from: lib/phoenix/endpoint/render_errors.ex:129:33
         conn

     when defining the variable "conn", you must also pattern match on "%Plug.Conn{}".

     hint: given pattern matching is enough to catch typing errors, you may optionally convert the struct update into a map update. For example, instead of:

         user = some_function()
         %User{user | name: "John Doe"}

     it is enough to write:

         %User{} = user = some_function()
         %{user | name: "John Doe"}

     typing violation found at:
     │
 134 │         %Plug.Conn.Unfetched{} -> %Plug.Conn{conn | query_params: %{}, params: %{}}
     │                                   ~
     │
     └─ lib/phoenix/endpoint/render_errors.ex:134:35: Phoenix.Endpoint.RenderErrors.maybe_fetch_query_params/1

     warning: a struct for Plug.Conn is expected on struct update:

         %Plug.Conn{conn | query_params: %{}, params: params}

     but got type:

         dynamic()

     where "conn" was given the type:

         # type: dynamic()
         # from: lib/phoenix/endpoint/render_errors.ex:129:33
         conn

     when defining the variable "conn", you must also pattern match on "%Plug.Conn{}".

     hint: given pattern matching is enough to catch typing errors, you may optionally convert the struct update into a map update. For example, instead of:

         user = some_function()
         %User{user | name: "John Doe"}

     it is enough to write:

         %User{} = user = some_function()
         %{user | name: "John Doe"}

     typing violation found at:
     │
 135 │         params -> %Plug.Conn{conn | query_params: %{}, params: params}
     │                   ~
     │
     └─ lib/phoenix/endpoint/render_errors.ex:135:19: Phoenix.Endpoint.RenderErrors.maybe_fetch_query_params/1

      warning: a struct for Plug.Conn is expected on struct update:

          %Plug.Conn{conn | params: params}

      but got type:

          dynamic()

      where "conn" was given the type:

          # type: dynamic()
          # from: lib/phoenix/controller.ex:1326:20
          conn

      when defining the variable "conn", you must also pattern match on "%Plug.Conn{}".

      hint: given pattern matching is enough to catch typing errors, you may optionally convert the struct update into a map update. For example, instead of:

          user = some_function()
          %User{user | name: "John Doe"}

      it is enough to write:

          %User{} = user = some_function()
          %{user | name: "John Doe"}

      typing violation found at:
      │
 1334 │     %Plug.Conn{conn | params: params}
      │     ~
      │
      └─ lib/phoenix/controller.ex:1334:5: Phoenix.Controller.scrub_params/2

Generated phoenix app
==> phoenix_live_view
Compiling 39 files (.ex)
     warning: a struct for Phoenix.LiveView.Socket is expected on struct update:

         %Phoenix.LiveView.Socket{
           socket
           | assigns: Map.merge(temp_assigns, socket.assigns),
             private:
               Map.update(
                 socket.private,
                 :temporary_assigns,
                 temp_assigns,
                 &Map.merge(&1, temp_assigns)
               )
         }

     but got type:

         dynamic()

     where "socket" was given the type:

         # type: dynamic()
         # from: lib/phoenix_live_view/utils.ex:415:28
         socket

     when defining the variable "socket", you must also pattern match on "%Phoenix.LiveView.Socket{}".

     hint: given pattern matching is enough to catch typing errors, you may optionally convert the struct update into a map update. For example, instead of:

         user = some_function()
         %User{user | name: "John Doe"}

     it is enough to write:

         %User{} = user = some_function()
         %{user | name: "John Doe"}

     typing violation found at:
     │
 422 │     %Socket{
     │     ~
     │
     └─ lib/phoenix_live_view/utils.ex:422:5: Phoenix.LiveView.Utils.handle_mount_option/3

     warning: a struct for Phoenix.LiveView.Socket is expected on struct update:

         %Phoenix.LiveView.Socket{
           socket
           | assigns: %Phoenix.LiveView.Socket.AssignsNotInSocket{__assigns__: assigns}
         }

     but got type:

         dynamic(%{..., assigns: term()})

     where "socket" was given the type:

         # type: dynamic(%{..., assigns: term()})
         # from: lib/phoenix_live_view/renderer.ex:121:43
         %{assigns: assigns} = socket

     when defining the variable "socket", you must also pattern match on "%Phoenix.LiveView.Socket{}".

     hint: given pattern matching is enough to catch typing errors, you may optionally convert the struct update into a map update. For example, instead of:

         user = some_function()
         %User{user | name: "John Doe"}

     it is enough to write:

         %User{} = user = some_function()
         %{user | name: "John Doe"}

     typing violation found at:
     │
 122 │     socket = %Socket{socket | assigns: %Socket.AssignsNotInSocket{__assigns__: assigns}}
     │              ~
     │
     └─ lib/phoenix_live_view/renderer.ex:122:14: Phoenix.LiveView.Renderer.render_assigns/1

     warning: a struct for Phoenix.LiveView.UploadEntry is expected on struct update:

         %Phoenix.LiveView.UploadEntry{
           entry
           | preflighted?:
               case entry.preflighted? do
                 x when x === false or x === nil -> Enum.member?(refs, entry.ref)
                 x -> x
               end
         }

     but got type:

         dynamic()

     where "entry" was given the type:

         # type: dynamic()
         # from: lib/phoenix_live_view/upload_config.ex:362:17
         entry <- conf.entries

     when defining the variable "entry", you must also pattern match on "%Phoenix.LiveView.UploadEntry{}".

     hint: given pattern matching is enough to catch typing errors, you may optionally convert the struct update into a map update. For example, instead of:

         user = some_function()
         %User{user | name: "John Doe"}

     it is enough to write:

         %User{} = user = some_function()
         %{user | name: "John Doe"}

     typing violation found at:
     │
 363 │         %UploadEntry{entry | preflighted?: entry.preflighted? || entry.ref in refs}
     │         ~
     │
     └─ lib/phoenix_live_view/upload_config.ex:363:9: Phoenix.LiveView.UploadConfig.mark_preflighted/2

     warning: a struct for Phoenix.LiveView.UploadEntry is expected on struct update:

         %Phoenix.LiveView.UploadEntry{entry | valid?: true, uuid: generate_uuid()}

     but got type:

         dynamic()

     where "entry" was given the type:

         # type: dynamic()
         # from: lib/phoenix_live_view/upload_config.ex:572:30
         entry

     when defining the variable "entry", you must also pattern match on "%Phoenix.LiveView.UploadEntry{}".

     hint: given pattern matching is enough to catch typing errors, you may optionally convert the struct update into a map update. For example, instead of:

         user = some_function()
         %User{user | name: "John Doe"}

     it is enough to write:

         %User{} = user = some_function()
         %{user | name: "John Doe"}

     typing violation found at:
     │
 573 │     entry = %UploadEntry{entry | valid?: true, uuid: generate_uuid()}
     │             ~
     │
     └─ lib/phoenix_live_view/upload_config.ex:573:13: Phoenix.LiveView.UploadConfig.put_valid_entry/2

     warning: the 1st pattern in clause will never match:

         nil

     because it is expected to receive type:

         dynamic(%Phoenix.LiveView.Rendered{})

     hint: defimpl for Phoenix.LiveView.Rendered requires its callbacks to match exclusively on %Phoenix.LiveView.Rendered{}

     typing violation found at:
     │
 156 │     def to_iodata(nil) do
     │     ~~~~~~~~~~~~~~~~~~~~~
     │
     └─ lib/phoenix_live_view/engine.ex:156: Phoenix.HTML.Safe.Phoenix.LiveView.Rendered.to_iodata/1

     warning: incompatible types given to String.to_atom/1:

         String.to_atom(template)

     given types:

         -dynamic(false or {term(), binary()})-

     but expected one of:

         binary()

     where "template" was given the type:

         # type: dynamic(false or {term(), binary()})
         # from: lib/phoenix_live_view/router.ex:300:18
         template = Phoenix.LiveView.Utils.normalize_layout(template)

     typing violation found at:
     │
 301 │         Map.put(acc, :root_layout, {mod, String.to_atom(template)})
     │                                                 ~
     │
     └─ lib/phoenix_live_view/router.ex:301:49: Phoenix.LiveView.Router.validate_live_session_opts/3

     warning: a struct for Phoenix.LiveView.UploadEntry is expected on struct update:

         %Phoenix.LiveView.UploadEntry{entry | valid?: false}

     but got type:

         dynamic()

     where "entry" was given the type:

         # type: dynamic()
         # from: lib/phoenix_live_view/upload_config.ex:585:32
         entry

     when defining the variable "entry", you must also pattern match on "%Phoenix.LiveView.UploadEntry{}".

     hint: given pattern matching is enough to catch typing errors, you may optionally convert the struct update into a map update. For example, instead of:

         user = some_function()
         %User{user | name: "John Doe"}

     it is enough to write:

         %User{} = user = some_function()
         %{user | name: "John Doe"}

     typing violation found at:
     │
 586 │     entry = %UploadEntry{entry | valid?: false}
     │             ~
     │
     └─ lib/phoenix_live_view/upload_config.ex:586:13: Phoenix.LiveView.UploadConfig.put_invalid_entry/3

     warning: a struct for Phoenix.LiveViewTest.ClientProxy is expected on struct update:

         %Phoenix.LiveViewTest.ClientProxy{view | rendered: rendered}

     but got type:

         dynamic()

     where "view" was given the type:

         # type: dynamic()
         # from: lib/phoenix_live_view/test/client_proxy.ex
         {:ok, view}

     when defining the variable "view", you must also pattern match on "%Phoenix.LiveViewTest.ClientProxy{}".

     hint: given pattern matching is enough to catch typing errors, you may optionally convert the struct update into a map update. For example, instead of:

         user = some_function()
         %User{user | name: "John Doe"}

     it is enough to write:

         %User{} = user = some_function()
         %{user | name: "John Doe"}

     typing violation found at:
     │
 728 │           new_view = %ClientProxy{view | rendered: rendered}
     │                      ~
     │
     └─ lib/phoenix_live_view/test/client_proxy.ex:728:22: Phoenix.LiveViewTest.ClientProxy.merge_rendered/3

     warning: a struct for Phoenix.LiveView.UploadEntry is expected on struct update:

         %Phoenix.LiveView.UploadEntry{entry | cancelled?: true}

     but got type:

         dynamic()

     where "entry" was given the type:

         # type: dynamic()
         # from: lib/phoenix_live_view/upload_config.ex:669:42
         entry

     when defining the variable "entry", you must also pattern match on "%Phoenix.LiveView.UploadEntry{}".

     hint: given pattern matching is enough to catch typing errors, you may optionally convert the struct update into a map update. For example, instead of:

         user = some_function()
         %User{user | name: "John Doe"}

     it is enough to write:

         %User{} = user = some_function()
         %{user | name: "John Doe"}

     typing violation found at:
     │
 669 │         update_entry(conf, entry.ref, fn entry -> %UploadEntry{entry | cancelled?: true} end)
     │                                                   ~
     │
     └─ lib/phoenix_live_view/upload_config.ex:669:51: Phoenix.LiveView.UploadConfig.cancel_entry/2
